<html>
<body>
<pre>
<h1>礦ision Build Log</h1>
<h2>Project:</h2>
D:\ThunderDownload\软件及例程（嵌入式原理课程）\Proteus仿真_LED,定时器0数码管\code\main.uvproj
Project File Date:  08/28/2002

<h2>Output:</h2>
Build target 'Target 1'
compiling main.c...
compiling TARGET.C...
assembling Startup.s...
linking...
Program Size: Code=1852 RO-data=48 RW-data=4 ZI-data=392  
FromELF: creating hex file...
".\out\main.axf" - 0 Error(s), 0 Warning(s).
Build target 'Target 1'
compiling main.c...
user\main.c(113): error:  #127: expected a statement
compiling TARGET.C...
assembling Startup.s...
Target not created
Build target 'Target 1'
compiling main.c...
compiling TARGET.C...
assembling Startup.s...
linking...
Program Size: Code=1896 RO-data=48 RW-data=4 ZI-data=392  
FromELF: creating hex file...
".\out\main.axf" - 0 Error(s), 0 Warning(s).
Build target 'Target 1'
compiling main.c...
user\main.c(134): error:  #29: expected an expression
compiling TARGET.C...
assembling Startup.s...
Target not created
Build target 'Target 1'
compiling main.c...
compiling TARGET.C...
assembling Startup.s...
linking...
Program Size: Code=1832 RO-data=48 RW-data=4 ZI-data=392  
FromELF: creating hex file...
".\out\main.axf" - 0 Error(s), 0 Warning(s).
Build target 'Target 1'
compiling main.c...
compiling TARGET.C...
assembling Startup.s...
linking...
Program Size: Code=1892 RO-data=48 RW-data=4 ZI-data=392  
FromELF: creating hex file...
".\out\main.axf" - 0 Error(s), 0 Warning(s).
Build target 'Target 1'
compiling main.c...
compiling TARGET.C...
assembling Startup.s...
linking...
Program Size: Code=1892 RO-data=48 RW-data=4 ZI-data=392  
FromELF: creating hex file...
".\out\main.axf" - 0 Error(s), 0 Warning(s).
Build target 'Target 1'
compiling main.c...
compiling TARGET.C...
assembling Startup.s...
linking...
Program Size: Code=1892 RO-data=48 RW-data=4 ZI-data=392  
FromELF: creating hex file...
".\out\main.axf" - 0 Error(s), 0 Warning(s).
Build target 'Target 1'
compiling main.c...
compiling TARGET.C...
assembling Startup.s...
linking...
Program Size: Code=1868 RO-data=48 RW-data=4 ZI-data=392  
FromELF: creating hex file...
".\out\main.axf" - 0 Error(s), 0 Warning(s).
Build target 'Target 1'
compiling main.c...
compiling TARGET.C...
assembling Startup.s...
linking...
Program Size: Code=1888 RO-data=48 RW-data=4 ZI-data=392  
FromELF: creating hex file...
".\out\main.axf" - 0 Error(s), 0 Warning(s).
Build target 'Target 1'
compiling main.c...
compiling TARGET.C...
assembling Startup.s...
linking...
Program Size: Code=1872 RO-data=48 RW-data=4 ZI-data=392  
FromELF: creating hex file...
".\out\main.axf" - 0 Error(s), 0 Warning(s).
Build target 'Target 1'
compiling main.c...
compiling TARGET.C...
assembling Startup.s...
linking...
Program Size: Code=1904 RO-data=48 RW-data=4 ZI-data=392  
FromELF: creating hex file...
".\out\main.axf" - 0 Error(s), 0 Warning(s).
Build target 'Target 1'
compiling main.c...
compiling TARGET.C...
assembling Startup.s...
linking...
Program Size: Code=1972 RO-data=48 RW-data=4 ZI-data=392  
FromELF: creating hex file...
".\out\main.axf" - 0 Error(s), 0 Warning(s).
Build target 'Target 1'
compiling main.c...
compiling TARGET.C...
assembling Startup.s...
linking...
Program Size: Code=1996 RO-data=48 RW-data=4 ZI-data=392  
FromELF: creating hex file...
".\out\main.axf" - 0 Error(s), 0 Warning(s).
Build target 'Target 1'
compiling main.c...
compiling TARGET.C...
assembling Startup.s...
linking...
Program Size: Code=2004 RO-data=48 RW-data=4 ZI-data=392  
FromELF: creating hex file...
".\out\main.axf" - 0 Error(s), 0 Warning(s).
Build target 'Target 1'
compiling main.c...
compiling TARGET.C...
assembling Startup.s...
linking...
Program Size: Code=1992 RO-data=48 RW-data=4 ZI-data=392  
FromELF: creating hex file...
".\out\main.axf" - 0 Error(s), 0 Warning(s).
Build target 'Target 1'
compiling main.c...
compiling TARGET.C...
assembling Startup.s...
linking...
Program Size: Code=1992 RO-data=48 RW-data=4 ZI-data=392  
FromELF: creating hex file...
".\out\main.axf" - 0 Error(s), 0 Warning(s).
Build target 'Target 1'
compiling main.c...
compiling TARGET.C...
assembling Startup.s...
linking...
Program Size: Code=2008 RO-data=48 RW-data=4 ZI-data=392  
FromELF: creating hex file...
".\out\main.axf" - 0 Error(s), 0 Warning(s).
Build target 'Target 1'
compiling main.c...
user\main.c(115): error:  #29: expected an expression
user\main.c(119): warning:  #12-D: parsing restarts here after previous syntax error
user\main.c(119): error:  #65: expected a ";"
compiling TARGET.C...
assembling Startup.s...
Target not created
Build target 'Target 1'
compiling main.c...
compiling TARGET.C...
assembling Startup.s...
linking...
Program Size: Code=2028 RO-data=48 RW-data=4 ZI-data=392  
FromELF: creating hex file...
".\out\main.axf" - 0 Error(s), 0 Warning(s).
Build target 'Target 1'
compiling main.c...
compiling TARGET.C...
assembling Startup.s...
linking...
Program Size: Code=2052 RO-data=48 RW-data=4 ZI-data=392  
FromELF: creating hex file...
".\out\main.axf" - 0 Error(s), 0 Warning(s).
Build target 'Target 1'
compiling main.c...
compiling TARGET.C...
assembling Startup.s...
linking...
Program Size: Code=2052 RO-data=48 RW-data=4 ZI-data=392  
FromELF: creating hex file...
".\out\main.axf" - 0 Error(s), 0 Warning(s).
Build target 'Target 1'
compiling main.c...
compiling TARGET.C...
assembling Startup.s...
linking...
Program Size: Code=1984 RO-data=48 RW-data=4 ZI-data=392  
FromELF: creating hex file...
".\out\main.axf" - 0 Error(s), 0 Warning(s).
Build target 'Target 1'
compiling main.c...
compiling TARGET.C...
assembling Startup.s...
linking...
Program Size: Code=2000 RO-data=48 RW-data=4 ZI-data=392  
FromELF: creating hex file...
".\out\main.axf" - 0 Error(s), 0 Warning(s).
Build target 'Target 1'
compiling main.c...
compiling TARGET.C...
assembling Startup.s...
linking...
Program Size: Code=1980 RO-data=48 RW-data=4 ZI-data=392  
FromELF: creating hex file...
".\out\main.axf" - 0 Error(s), 0 Warning(s).
Build target 'Target 1'
compiling main.c...
compiling TARGET.C...
assembling Startup.s...
linking...
Program Size: Code=2000 RO-data=48 RW-data=4 ZI-data=392  
FromELF: creating hex file...
".\out\main.axf" - 0 Error(s), 0 Warning(s).
Build target 'Target 1'
compiling main.c...
user\main.c(146): error:  #20: identifier "LEDR" is undefined
user\main.c(151): warning:  #111-D: statement is unreachable
user\main.c(151): error:  #29: expected an expression
user\main.c(156): error:  #121: a case label may only be used within a switch
user\main.c(157): error:  #121: a case label may only be used within a switch
user\main.c(158): error:  #121: a case label may only be used within a switch
compiling TARGET.C...
assembling Startup.s...
Target not created
Build target 'Target 1'
compiling main.c...
user\main.c(146): error:  #20: identifier "LEDR" is undefined
user\main.c(151): warning:  #111-D: statement is unreachable
user\main.c(151): error:  #29: expected an expression
user\main.c(164): warning:  #12-D: parsing restarts here after previous syntax error
user\main.c(164): error:  #65: expected a ";"
compiling TARGET.C...
assembling Startup.s...
Target not created
Build target 'Target 1'
compiling main.c...
user\main.c(151): warning:  #111-D: statement is unreachable
user\main.c(151): error:  #29: expected an expression
user\main.c(164): warning:  #12-D: parsing restarts here after previous syntax error
user\main.c(164): error:  #65: expected a ";"
compiling TARGET.C...
assembling Startup.s...
Target not created
Build target 'Target 1'
compiling main.c...
compiling TARGET.C...
assembling Startup.s...
linking...
Program Size: Code=2152 RO-data=48 RW-data=4 ZI-data=392  
FromELF: creating hex file...
".\out\main.axf" - 0 Error(s), 0 Warning(s).
Build target 'Target 1'
compiling main.c...
compiling TARGET.C...
assembling Startup.s...
linking...
Program Size: Code=2160 RO-data=48 RW-data=4 ZI-data=392  
FromELF: creating hex file...
".\out\main.axf" - 0 Error(s), 0 Warning(s).
